// Jest Snapshot v1, https://goo.gl/fbAQLP

exports[`Container Component renders properly 1`] = `
<div
  className="container"
/>
`;
