// Jest Snapshot v1, https://goo.gl/fbAQLP

exports[`Loading Component renders correctly 1`] = `
<div
  className="loading"
>
  <img
    alt="Loading..."
    src={null}
  />
</div>
`;
