// Jest Snapshot v1, https://goo.gl/fbAQLP

exports[`App Component renders properly 1`] = `
<div
  className="wrapper"
>
  <Connect(Header) />
  <Container />
</div>
`;
