// Jest Snapshot v1, https://goo.gl/fbAQLP

exports[`VideoViews Component renders properly 1`] = `
<span>
  900
   views
</span>
`;
