// Jest Snapshot v1, https://goo.gl/fbAQLP

exports[`Loginpage Component renders properly 1`] = `
Object {
  "wrapper": <LoginForm />,
}
`;
