// Jest Snapshot v1, https://goo.gl/fbAQLP

exports[`Video Detail Page renders properly 1`] = `
<Route
  render={[Function]}
/>
`;
